=8788 : 无法将“=8788”项识别为 cmdlet、函数、脚本文件或可运行程序的名称。请检查名称的拼写，如果包括路径，请确保路径正
确，然后再试一次。
所在位置 行:1 字符: 1
+ ='8788'; node index.js
+ ~~~~~~~
    + CategoryInfo          : ObjectNotFound: (=8788:String) [], CommandNotFoundException
    + FullyQualifiedErrorId : CommandNotFoundException
 
node:events:497
      throw er; // Unhandled 'error' event
      ^

Error: listen EADDRINUSE: address already in use :::8787
    at Server.setupListenHandle [as _listen2] (node:net:1940:16)
    at listenInCluster (node:net:1997:12)
    at Server.listen (node:net:2102:7)
    at Function.listen (C:\Users\椤轰笢\poc-miro-gpt\src\server\node_modules\express\lib\application.js:635:24)
    at file:///C:/Users/%E9%A1%BA%E4%B8%9C/poc-miro-gpt/src/server/index.js:4007:5
    at ModuleJob.run (node:internal/modules/esm/module_job:345:25)
    at async onImport.tracePromise.__proto__ (node:internal/modules/esm/loader:665:26)
    at async asyncRunEntryPointWithESMLoader (node:internal/modules/run_main:117:5)
Emitted 'error' event on Server instance at:
    at emitErrorNT (node:net:1976:8)
    at process.processTicksAndRejections (node:internal/process/task_queues:90:21) {
  code: 'EADDRINUSE',
  errno: -4091,
  syscall: 'listen',
  address: '::',
  port: 8787
}

Node.js v22.20.0
